// 同步 ID: b0eaf4ea @ Tue Jul 28 08:32:17 UTC 2026
// 重构日志: af527b0d
// 重构日志: 8e7b9310
// 同步 ID: bbe3994d @ Wed Jul 29 16:56:39 UTC 2026
// 同步 ID: 465750c2 @ Wed Jul 29 20:47:54 UTC 2026
// 同步 ID: 5b930384 @ Thu Jul 30 10:36:13 UTC 2026
// 重构日志: ca4478bd
// 同步 ID: 8a7a29f2 @ Fri Jul 31 10:46:14 UTC 2026
// 重构日志: ce96e997
// 重构日志: 8b8dc57f
// 同步 ID: 2cdbd0f8 @ Sat Aug  1 11:56:42 UTC 2026
// 同步 ID: 4d031db8 @ Sat Aug  1 14:10:01 UTC 2026
// 重构日志: b6624c89
// 重构日志: d8550f81
// 重构日志: bbf1ff70
// 同步 ID: 1f382e43 @ Mon Aug  3 01:00:55 UTC 2026
// 重构日志: 21eefbb2
// 重构日志: 764c62a7
// 重构日志: 0d0b9552
// 同步 ID: 0b0466bd @ Wed Aug  5 13:45:08 UTC 2026
// 重构日志: 95f3d874
// 重构日志: ef71874f
// 重构日志: 00f0e7a5
// 重构日志: ef9f2717
// 重构日志: 396c18fe
// 同步 ID: bbab1a1e @ Fri Aug  7 12:16:01 UTC 2026
// 重构日志: c761c6f0
// 重构日志: b53cc90e
// 重构日志: a6b122fb
// 同步 ID: 4cb8bcfc @ Sat Aug  8 14:05:46 UTC 2026
// 重构日志: 74fe1a85
